// Jest Snapshot v1, https://goo.gl/fbAQLP

exports[`Componente de transação do extrato O snapshot do componente deve permanecer sempre o mesmo 1`] = `
<div
  class="transacao-container"
>
  <p>
    09/08/2020
  </p>
  <p>
    saque
  </p>
  <p>
    R$ 
    200
  </p>
</div>
`;
